// Jest Snapshot v1, https://goo.gl/fbAQLP

exports[`App component renders App 1`] = `
<DocumentFragment>
  <form>
    <label
      for="author"
    >
      Search Articles:
      <input
        aria-label="search-bar"
        id="query"
        type="text"
        value=""
      />
    </label>
    <button
      aria-label="filter-stories"
    >
      Submit
    </button>
  </form>
  <ul
    aria-label="stories"
  />
   
</DocumentFragment>
`;
